// Jest Snapshot v1, https://goo.gl/fbAQLP

exports[`OpenSeadragon should render correctly 1`] = `
<div>
  <div>
    <div>
      <div
        history={Object {}}
        location={Object {}}
      >
        <span />
        <div
          className="osd col-md-12"
        >
          <div
            className="openseadragon"
            id="osd-viewer"
          >
            <ul
              className="osd-toolbar"
            >
              <li>
                <a
                  id="zoom-in"
                >
                  <i
                    className="glyphicon glyphicon-zoom-in"
                  />
                </a>
              </li>
              <li>
                <a
                  id="zoom-out"
                >
                  <i
                    className="glyphicon glyphicon-zoom-out"
                  />
                </a>
              </li>
              <li>
                <a
                  id="reset"
                >
                  <i
                    className="glyphicon glyphicon-home"
                  />
                </a>
              </li>
              <li>
                <a
                  id="full-page"
                >
                  <i
                    className="glyphicon glyphicon-resize-full"
                  />
                </a>
              </li>
              <li>
                <a
                  id="previous"
                >
                  <i
                    className="glyphicon glyphicon-arrow-left"
                  />
                </a>
              </li>
              <li>
                <a
                  id="next"
                >
                  <i
                    className="glyphicon glyphicon-arrow-right"
                  />
                </a>
              </li>
            </ul>
          </div>
        </div>
      </div>
    </div>
  </div>
</div>
`;
